[setup] corpus=112003B vocab=73 seed=0
[organ] certified-by-construction adder self-test 2000/2000
[stream] mix=116309 tokens, arith_sentences=320, ans_span_tokens=1958; pure=100802
[calib] 0.049s/step -> steps=2000 per trunk
[PURE] step 0/2000 lm=4.3350 (0s)
[PURE] step 400/2000 lm=2.0662 (20s)
[PURE] step 800/2000 lm=1.7515 (41s)
[PURE] step 1200/2000 lm=1.4436 (62s)
[PURE] step 1600/2000 lm=1.2836 (83s)
[PURE] step 1999/2000 lm=1.3754 (104s)
[PURE] TRAIN DONE lm=1.3754 wall=104s
[HOST] step 0/2000 lm=4.3436 (0s)
[HOST] step 400/2000 lm=2.0849 (21s)
[HOST] step 800/2000 lm=1.6533 (42s)
[HOST] step 1200/2000 lm=1.5040 (63s)
[HOST] step 1600/2000 lm=1.4432 (83s)
[HOST] step 1999/2000 lm=1.3150 (103s)
[HOST] TRAIN DONE lm=1.3150 wall=103s
[LIVE] step 0/2000 lm=4.3436 (0s)
[LIVE] step 400/2000 lm=2.2110 (21s)
[LIVE] step 800/2000 lm=1.7075 (42s)
[LIVE] step 1200/2000 lm=1.5542 (62s)
[LIVE] step 1600/2000 lm=1.5205 (83s)
[LIVE] step 1999/2000 lm=1.3626 (104s)
[LIVE] TRAIN DONE lm=1.3626 wall=104s
[MOUNT-GATE] step 0/1500 weighted_gate_ce=0.5635 (0s)
[MOUNT-GATE] step 300/1500 weighted_gate_ce=0.0218 (6s)
[MOUNT-GATE] step 600/1500 weighted_gate_ce=0.0270 (11s)
[MOUNT-GATE] step 900/1500 weighted_gate_ce=0.0330 (16s)
[MOUNT-GATE] step 1200/1500 weighted_gate_ce=0.0249 (22s)
[MOUNT-GATE] step 1499/1500 weighted_gate_ce=0.0224 (27s)
[MOUNT-GATE] GATE TRAIN DONE wall=27s

===== PROSE QUALITY (held-out real text, CE nats/token) =====
[PURE] CE@96=1.6096  CE@192=2.7876
[HOST] CE@96=1.6635  CE@192=2.7036
[LIVE] CE@96=1.6750  CE@192=2.7935

===== GATE DIAG (teacher-forced, mix-stream windows) =====
[MOUNT] in-span recall=0.998 onset recall=0.987 prose FP-rate=0.00070
[LIVE] in-span recall=0.997 onset recall=0.983 prose FP-rate=0.00070

===== ARITHMETIC EXACTNESS (greedy; hybrid = organ override on gate) =====
[inrange_seen] PLAIN: 0/60 exact  (full-span gate fire 0/60)
[inrange_seen] MOUNT: 60/60 exact  (full-span gate fire 60/60)
[inrange_seen] LIVE: 60/60 exact  (full-span gate fire 60/60)
[extrap12_seen] PLAIN: 0/30 exact  (full-span gate fire 0/30)
[extrap12_seen] MOUNT: 5/30 exact  (full-span gate fire 5/30)
[extrap12_seen] LIVE: 10/30 exact  (full-span gate fire 10/30)
[extrap20_seen] PLAIN: 0/30 exact  (full-span gate fire 0/30)
[extrap20_seen] MOUNT: 0/30 exact  (full-span gate fire 0/30)
[extrap20_seen] LIVE: 21/30 exact  (full-span gate fire 21/30)
[inrange_heldout_templ] PLAIN: 0/30 exact  (full-span gate fire 0/30)
[inrange_heldout_templ] MOUNT: 0/30 exact  (full-span gate fire 0/30)
[inrange_heldout_templ] LIVE: 0/30 exact  (full-span gate fire 0/30)
[extrap20_heldout_templ] PLAIN: 0/30 exact  (full-span gate fire 0/30)
[extrap20_heldout_templ] MOUNT: 0/30 exact  (full-span gate fire 0/30)
[extrap20_heldout_templ] LIVE: 0/30 exact  (full-span gate fire 0/30)

===== VERDICT =====
{
  "c1_exact_inrange": true,
  "c2_exact_extrap": false,
  "c3_plain_fails": true,
  "c4_no_prose_tax": false,
  "tax96": 0.05381843004728637,
  "tax192": -0.08400884338698456,
  "c5_gate_fp": true,
  "live_minus_mount_ce96": 0.011511950041118268,
  "live_minus_mount_ce192": 0.08988465473914031,
  "CERTIFIED": false
}
[done] wall=352s peak_ram=769.0MB
